2025-10-23 21:21:12,283 - INFO - Theme applied successfully! (4/4 apps)
2025-10-23 21:21:18,133 - INFO - Theme applied successfully! (4/4 apps)
2025-10-23 21:21:24,914 - INFO - Wrote fuzzel config to /home/radhey/.config/fuzzel/themes/active.ini
2025-10-23 21:21:24,919 - INFO - Wrote kitty config to /home/radhey/.config/kitty/themes/active.conf
2025-10-23 21:21:24,923 - INFO - Wrote waybar config to /home/radhey/.config/waybar/themes/active.css
2025-10-23 21:21:24,927 - INFO - Wrote wlogout config to /home/radhey/.config/wlogout/themes/active.css
2025-10-23 21:21:24,927 - INFO - Theme applied successfully! (4/4 apps)
2025-10-23 21:21:49,548 - INFO - Theme applied successfully! (4/4 apps)
2025-10-23 21:55:39,049 - INFO - Wrote fuzzel config to /home/radhey/.config/fuzzel/themes/active.ini
2025-10-23 21:55:39,061 - INFO - Wrote kitty config to /home/radhey/.config/kitty/themes/active.conf
2025-10-23 21:55:39,072 - INFO - Wrote waybar config to /home/radhey/.config/waybar/themes/active.css
2025-10-23 21:55:39,081 - INFO - Wrote wlogout config to /home/radhey/.config/wlogout/themes/active.css
2025-10-23 21:55:39,082 - INFO - Theme applied successfully! (4/4 apps)
2025-10-23 22:00:35,708 - ERROR - Error writing to /home/radhey/.config/fuzzel/themes/active.ini: [Errno 2] No such file or directory: '/home/radhey/.config/fuzzel/themes/active.ini'
2025-10-23 22:00:35,719 - ERROR - Error writing to /home/radhey/.config/kitty/themes/active.conf: [Errno 2] No such file or directory: '/home/radhey/.config/kitty/themes/active.conf'
2025-10-23 22:00:35,728 - ERROR - Error writing to /home/radhey/.config/waybar/themes/active.css: [Errno 2] No such file or directory: '/home/radhey/.config/waybar/themes/active.css'
2025-10-23 22:00:35,739 - ERROR - Error writing to /home/radhey/.config/wlogout/themes/active.css: [Errno 2] No such file or directory: '/home/radhey/.config/wlogout/themes/active.css'
2025-10-23 22:00:35,739 - WARNING - Theme partially applied (0/4 apps)
2025-10-23 22:02:24,254 - INFO - Wrote fuzzel config to /home/radhey/code/dots-niri/.config/theme-engine/generated/fuzzel/theme.ini
2025-10-23 22:02:24,266 - INFO - Wrote kitty config to /home/radhey/code/dots-niri/.config/theme-engine/generated/kitty/theme.conf
2025-10-23 22:02:24,279 - INFO - Wrote waybar config to /home/radhey/code/dots-niri/.config/theme-engine/generated/waybar/theme.css
2025-10-23 22:02:24,288 - INFO - Wrote wlogout config to /home/radhey/code/dots-niri/.config/theme-engine/generated/wlogout/theme.css
2025-10-23 22:02:24,289 - INFO - Theme applied successfully! (4/4 apps)
2025-10-23 22:04:31,616 - INFO - Wrote fuzzel config to /home/radhey/code/dots-niri/.config/theme-engine/generated/fuzzel/theme.ini
2025-10-23 22:04:31,628 - INFO - Wrote kitty config to /home/radhey/code/dots-niri/.config/theme-engine/generated/kitty/theme.conf
2025-10-23 22:04:31,637 - INFO - Wrote waybar config to /home/radhey/code/dots-niri/.config/theme-engine/generated/waybar/theme.css
2025-10-23 22:04:31,647 - INFO - Wrote wlogout config to /home/radhey/code/dots-niri/.config/theme-engine/generated/wlogout/theme.css
2025-10-23 22:04:31,647 - INFO - Theme applied successfully! (4/4 apps)
2025-10-23 22:04:32,082 - INFO - Wrote fuzzel config to /home/radhey/code/dots-niri/.config/theme-engine/generated/fuzzel/theme.ini
2025-10-23 22:04:32,094 - INFO - Wrote kitty config to /home/radhey/code/dots-niri/.config/theme-engine/generated/kitty/theme.conf
2025-10-23 22:04:32,110 - INFO - Wrote waybar config to /home/radhey/code/dots-niri/.config/theme-engine/generated/waybar/theme.css
2025-10-23 22:04:32,122 - INFO - Wrote wlogout config to /home/radhey/code/dots-niri/.config/theme-engine/generated/wlogout/theme.css
2025-10-23 22:04:32,123 - INFO - Theme applied successfully! (4/4 apps)
2025-10-23 22:04:36,737 - INFO - Wrote fuzzel config to /home/radhey/code/dots-niri/.config/theme-engine/generated/fuzzel/theme.ini
2025-10-23 22:04:36,747 - INFO - Wrote kitty config to /home/radhey/code/dots-niri/.config/theme-engine/generated/kitty/theme.conf
2025-10-23 22:04:36,756 - INFO - Wrote waybar config to /home/radhey/code/dots-niri/.config/theme-engine/generated/waybar/theme.css
2025-10-23 22:04:36,764 - INFO - Wrote wlogout config to /home/radhey/code/dots-niri/.config/theme-engine/generated/wlogout/theme.css
2025-10-23 22:04:36,765 - INFO - Theme applied successfully! (4/4 apps)
2025-10-23 22:08:39,616 - INFO - Wrote fuzzel config to /home/radhey/code/dots-niri/.config/theme-engine/generated/fuzzel/theme.ini
2025-10-23 22:08:39,629 - INFO - Wrote kitty config to /home/radhey/code/dots-niri/.config/theme-engine/generated/kitty/theme.conf
2025-10-23 22:08:39,644 - INFO - Wrote waybar config to /home/radhey/code/dots-niri/.config/theme-engine/generated/waybar/theme.css
2025-10-23 22:08:39,658 - INFO - Wrote wlogout config to /home/radhey/code/dots-niri/.config/theme-engine/generated/wlogout/theme.css
2025-10-23 22:08:39,658 - INFO - Theme applied successfully! (4/4 apps)
2025-10-23 22:08:40,098 - INFO - Wrote fuzzel config to /home/radhey/code/dots-niri/.config/theme-engine/generated/fuzzel/theme.ini
2025-10-23 22:08:40,109 - INFO - Wrote kitty config to /home/radhey/code/dots-niri/.config/theme-engine/generated/kitty/theme.conf
2025-10-23 22:08:40,119 - INFO - Wrote waybar config to /home/radhey/code/dots-niri/.config/theme-engine/generated/waybar/theme.css
2025-10-23 22:08:40,129 - INFO - Wrote wlogout config to /home/radhey/code/dots-niri/.config/theme-engine/generated/wlogout/theme.css
2025-10-23 22:08:40,129 - INFO - Theme applied successfully! (4/4 apps)
2025-10-23 22:08:40,459 - INFO - Theme applied successfully! (4/4 apps)
2025-10-23 22:14:48,580 - ERROR - Template error in dunst: 'dict object' has no attribute 'bg'
2025-10-23 22:14:48,588 - INFO - Wrote fuzzel config to /home/radhey/code/dots-niri/.config/theme-engine/generated/fuzzel/theme.ini
2025-10-23 22:14:48,601 - ERROR - Template error in hyprlock: 'dict object' has no attribute 'fg'
2025-10-23 22:14:48,611 - INFO - Wrote kitty config to /home/radhey/code/dots-niri/.config/theme-engine/generated/kitty/theme.conf
2025-10-23 22:14:48,620 - INFO - Wrote niri config to /home/radhey/code/dots-niri/.config/theme-engine/generated/niri/theme.kdl
2025-10-23 22:14:48,630 - INFO - Wrote waybar config to /home/radhey/code/dots-niri/.config/theme-engine/generated/waybar/theme.css
2025-10-23 22:14:48,640 - INFO - Wrote wlogout config to /home/radhey/code/dots-niri/.config/theme-engine/generated/wlogout/theme.css
2025-10-23 22:14:48,640 - WARNING - Theme partially applied (5/7 apps)
2025-10-23 22:14:56,923 - ERROR - Template error in dunst: 'dict object' has no attribute 'bg'
2025-10-23 22:14:56,929 - INFO - Wrote fuzzel config to /home/radhey/code/dots-niri/.config/theme-engine/generated/fuzzel/theme.ini
2025-10-23 22:14:56,941 - ERROR - Template error in hyprlock: 'dict object' has no attribute 'fg'
2025-10-23 22:14:56,951 - INFO - Wrote kitty config to /home/radhey/code/dots-niri/.config/theme-engine/generated/kitty/theme.conf
2025-10-23 22:14:56,959 - INFO - Wrote niri config to /home/radhey/code/dots-niri/.config/theme-engine/generated/niri/theme.kdl
2025-10-23 22:14:56,969 - INFO - Wrote waybar config to /home/radhey/code/dots-niri/.config/theme-engine/generated/waybar/theme.css
2025-10-23 22:14:56,979 - INFO - Wrote wlogout config to /home/radhey/code/dots-niri/.config/theme-engine/generated/wlogout/theme.css
2025-10-23 22:14:56,980 - WARNING - Theme partially applied (5/7 apps)
2025-10-23 22:17:58,107 - ERROR - Template error in dunst: 'dict object' has no attribute 'dunst'
2025-10-23 22:17:58,110 - INFO - Wrote fuzzel config to /home/radhey/code/dots-niri/.config/theme-engine/generated/fuzzel/theme.ini
2025-10-23 22:17:58,114 - ERROR - Template error in hyprlock: 'dict object' has no attribute 'hyprlock'
2025-10-23 22:17:58,118 - INFO - Wrote kitty config to /home/radhey/code/dots-niri/.config/theme-engine/generated/kitty/theme.conf
2025-10-23 22:17:58,122 - INFO - Wrote niri config to /home/radhey/code/dots-niri/.config/theme-engine/generated/niri/theme.kdl
2025-10-23 22:17:58,125 - INFO - Wrote waybar config to /home/radhey/code/dots-niri/.config/theme-engine/generated/waybar/theme.css
2025-10-23 22:17:58,129 - INFO - Wrote wlogout config to /home/radhey/code/dots-niri/.config/theme-engine/generated/wlogout/theme.css
2025-10-23 22:17:58,129 - WARNING - Theme partially applied (5/7 apps)
2025-10-23 22:18:02,558 - ERROR - Template error in dunst: 'dict object' has no attribute 'dunst'
2025-10-23 22:18:02,561 - INFO - Wrote fuzzel config to /home/radhey/code/dots-niri/.config/theme-engine/generated/fuzzel/theme.ini
2025-10-23 22:18:02,565 - ERROR - Template error in hyprlock: 'dict object' has no attribute 'hyprlock'
2025-10-23 22:18:02,569 - INFO - Wrote kitty config to /home/radhey/code/dots-niri/.config/theme-engine/generated/kitty/theme.conf
2025-10-23 22:18:02,572 - INFO - Wrote niri config to /home/radhey/code/dots-niri/.config/theme-engine/generated/niri/theme.kdl
2025-10-23 22:18:02,576 - INFO - Wrote waybar config to /home/radhey/code/dots-niri/.config/theme-engine/generated/waybar/theme.css
2025-10-23 22:18:02,580 - INFO - Wrote wlogout config to /home/radhey/code/dots-niri/.config/theme-engine/generated/wlogout/theme.css
2025-10-23 22:18:02,580 - WARNING - Theme partially applied (5/7 apps)
2025-10-23 22:18:39,060 - ERROR - Template error in dunst: 'dict object' has no attribute 'background'
2025-10-23 22:18:39,063 - INFO - Wrote fuzzel config to /home/radhey/code/dots-niri/.config/theme-engine/generated/fuzzel/theme.ini
2025-10-23 22:18:39,067 - ERROR - Template error in hyprlock: 'dict object' has no attribute 'text_color'
2025-10-23 22:18:39,071 - INFO - Wrote kitty config to /home/radhey/code/dots-niri/.config/theme-engine/generated/kitty/theme.conf
2025-10-23 22:18:39,074 - INFO - Wrote niri config to /home/radhey/code/dots-niri/.config/theme-engine/generated/niri/theme.kdl
2025-10-23 22:18:39,078 - INFO - Wrote waybar config to /home/radhey/code/dots-niri/.config/theme-engine/generated/waybar/theme.css
2025-10-23 22:18:39,082 - INFO - Wrote wlogout config to /home/radhey/code/dots-niri/.config/theme-engine/generated/wlogout/theme.css
2025-10-23 22:18:39,082 - WARNING - Theme partially applied (5/7 apps)
2025-10-23 22:18:44,264 - ERROR - Template error in dunst: 'dict object' has no attribute 'background'
2025-10-23 22:18:44,267 - INFO - Wrote fuzzel config to /home/radhey/code/dots-niri/.config/theme-engine/generated/fuzzel/theme.ini
2025-10-23 22:18:44,271 - ERROR - Template error in hyprlock: 'dict object' has no attribute 'text_color'
2025-10-23 22:18:44,275 - INFO - Wrote kitty config to /home/radhey/code/dots-niri/.config/theme-engine/generated/kitty/theme.conf
2025-10-23 22:18:44,279 - INFO - Wrote niri config to /home/radhey/code/dots-niri/.config/theme-engine/generated/niri/theme.kdl
2025-10-23 22:18:44,283 - INFO - Wrote waybar config to /home/radhey/code/dots-niri/.config/theme-engine/generated/waybar/theme.css
2025-10-23 22:18:44,286 - INFO - Wrote wlogout config to /home/radhey/code/dots-niri/.config/theme-engine/generated/wlogout/theme.css
2025-10-23 22:18:44,286 - WARNING - Theme partially applied (5/7 apps)
2025-10-23 22:18:51,809 - ERROR - Template error in dunst: 'dict object' has no attribute 'background'
2025-10-23 22:18:51,811 - INFO - Wrote fuzzel config to /home/radhey/code/dots-niri/.config/theme-engine/generated/fuzzel/theme.ini
2025-10-23 22:18:51,816 - ERROR - Template error in hyprlock: 'dict object' has no attribute 'text_color'
2025-10-23 22:18:51,820 - INFO - Wrote kitty config to /home/radhey/code/dots-niri/.config/theme-engine/generated/kitty/theme.conf
2025-10-23 22:18:51,824 - INFO - Wrote niri config to /home/radhey/code/dots-niri/.config/theme-engine/generated/niri/theme.kdl
2025-10-23 22:18:51,827 - INFO - Wrote waybar config to /home/radhey/code/dots-niri/.config/theme-engine/generated/waybar/theme.css
2025-10-23 22:18:51,831 - INFO - Wrote wlogout config to /home/radhey/code/dots-niri/.config/theme-engine/generated/wlogout/theme.css
2025-10-23 22:18:51,831 - WARNING - Theme partially applied (5/7 apps)
2025-10-23 22:24:48,081 - INFO - Wrote dunst config to /home/radhey/code/dots-niri/.config/theme-engine/generated/dunst/theme.ini
2025-10-23 22:24:48,084 - INFO - Wrote fuzzel config to /home/radhey/code/dots-niri/.config/theme-engine/generated/fuzzel/theme.ini
2025-10-23 22:24:48,090 - INFO - Wrote hyprlock config to /home/radhey/code/dots-niri/.config/theme-engine/generated/hypr/theme.conf
2025-10-23 22:24:48,094 - INFO - Wrote kitty config to /home/radhey/code/dots-niri/.config/theme-engine/generated/kitty/theme.conf
2025-10-23 22:24:48,098 - INFO - Wrote niri config to /home/radhey/code/dots-niri/.config/theme-engine/generated/niri/theme.kdl
2025-10-23 22:24:48,102 - INFO - Wrote waybar config to /home/radhey/code/dots-niri/.config/theme-engine/generated/waybar/theme.css
2025-10-23 22:24:48,106 - INFO - Wrote wlogout config to /home/radhey/code/dots-niri/.config/theme-engine/generated/wlogout/theme.css
2025-10-23 22:24:48,106 - INFO - Theme applied successfully! (7/7 apps)
2025-10-23 22:25:05,919 - INFO - Wrote dunst config to /home/radhey/code/dots-niri/.config/theme-engine/generated/dunst/theme.ini
2025-10-23 22:25:05,922 - INFO - Wrote fuzzel config to /home/radhey/code/dots-niri/.config/theme-engine/generated/fuzzel/theme.ini
2025-10-23 22:25:05,928 - INFO - Wrote hyprlock config to /home/radhey/code/dots-niri/.config/theme-engine/generated/hypr/theme.conf
2025-10-23 22:25:05,932 - INFO - Wrote kitty config to /home/radhey/code/dots-niri/.config/theme-engine/generated/kitty/theme.conf
2025-10-23 22:25:05,935 - INFO - Wrote niri config to /home/radhey/code/dots-niri/.config/theme-engine/generated/niri/theme.kdl
2025-10-23 22:25:05,939 - INFO - Wrote waybar config to /home/radhey/code/dots-niri/.config/theme-engine/generated/waybar/theme.css
2025-10-23 22:25:05,943 - INFO - Wrote wlogout config to /home/radhey/code/dots-niri/.config/theme-engine/generated/wlogout/theme.css
2025-10-23 22:25:05,943 - INFO - Theme applied successfully! (7/7 apps)
2025-10-23 22:31:20,617 - INFO - Wrote dunst config to /home/radhey/code/dots-niri/.config/theme-engine/generated/dunst/theme.ini
2025-10-23 22:31:20,620 - INFO - Wrote fuzzel config to /home/radhey/code/dots-niri/.config/theme-engine/generated/fuzzel/theme.ini
2025-10-23 22:31:20,626 - INFO - Wrote hyprlock config to /home/radhey/code/dots-niri/.config/theme-engine/generated/hypr/theme.conf
2025-10-23 22:31:20,630 - INFO - Wrote kitty config to /home/radhey/code/dots-niri/.config/theme-engine/generated/kitty/theme.conf
2025-10-23 22:31:20,634 - INFO - Wrote niri config to /home/radhey/code/dots-niri/.config/theme-engine/generated/niri/theme.kdl
2025-10-23 22:31:20,638 - INFO - Wrote waybar config to /home/radhey/code/dots-niri/.config/theme-engine/generated/waybar/theme.css
2025-10-23 22:31:20,642 - INFO - Wrote wlogout config to /home/radhey/code/dots-niri/.config/theme-engine/generated/wlogout/theme.css
2025-10-23 22:31:20,642 - INFO - Theme applied successfully! (7/7 apps)
2025-10-23 22:32:32,691 - INFO - Wrote dunst config to /home/radhey/code/dots-niri/.config/theme-engine/generated/dunst/theme.ini
2025-10-23 22:32:32,694 - INFO - Wrote fuzzel config to /home/radhey/code/dots-niri/.config/theme-engine/generated/fuzzel/theme.ini
2025-10-23 22:32:32,699 - INFO - Wrote hyprlock config to /home/radhey/code/dots-niri/.config/theme-engine/generated/hypr/theme.conf
2025-10-23 22:32:32,704 - INFO - Wrote kitty config to /home/radhey/code/dots-niri/.config/theme-engine/generated/kitty/theme.conf
2025-10-23 22:32:32,708 - INFO - Wrote niri config to /home/radhey/code/dots-niri/.config/theme-engine/generated/niri/theme.kdl
2025-10-23 22:32:32,712 - INFO - Wrote waybar config to /home/radhey/code/dots-niri/.config/theme-engine/generated/waybar/theme.css
2025-10-23 22:32:32,716 - INFO - Wrote wlogout config to /home/radhey/code/dots-niri/.config/theme-engine/generated/wlogout/theme.css
2025-10-23 22:32:32,716 - INFO - Theme applied successfully! (7/7 apps)
2025-10-23 22:33:48,912 - INFO - Wrote dunst config to /home/radhey/code/dots-niri/.config/theme-engine/generated/dunst/theme.ini
2025-10-23 22:33:48,915 - INFO - Wrote fuzzel config to /home/radhey/code/dots-niri/.config/theme-engine/generated/fuzzel/theme.ini
2025-10-23 22:33:48,921 - INFO - Wrote hyprlock config to /home/radhey/code/dots-niri/.config/theme-engine/generated/hypr/theme.conf
2025-10-23 22:33:48,925 - INFO - Wrote kitty config to /home/radhey/code/dots-niri/.config/theme-engine/generated/kitty/theme.conf
2025-10-23 22:33:48,930 - INFO - Wrote niri config to /home/radhey/code/dots-niri/.config/theme-engine/generated/niri/theme.kdl
2025-10-23 22:33:48,935 - INFO - Wrote waybar config to /home/radhey/code/dots-niri/.config/theme-engine/generated/waybar/theme.css
2025-10-23 22:33:48,939 - INFO - Wrote wlogout config to /home/radhey/code/dots-niri/.config/theme-engine/generated/wlogout/theme.css
2025-10-23 22:33:48,939 - INFO - Theme applied successfully! (7/7 apps)
2025-10-23 22:36:49,342 - INFO - Wrote dunst config to /home/radhey/code/dots-niri/.config/theme-engine/generated/dunst/theme.ini
2025-10-23 22:36:49,345 - INFO - Wrote fuzzel config to /home/radhey/code/dots-niri/.config/theme-engine/generated/fuzzel/theme.ini
2025-10-23 22:36:49,351 - INFO - Wrote hyprlock config to /home/radhey/code/dots-niri/.config/theme-engine/generated/hypr/theme.conf
2025-10-23 22:36:49,355 - INFO - Wrote kitty config to /home/radhey/code/dots-niri/.config/theme-engine/generated/kitty/theme.conf
2025-10-23 22:36:49,360 - INFO - Wrote niri config to /home/radhey/code/dots-niri/.config/theme-engine/generated/niri/theme.kdl
2025-10-23 22:36:49,364 - INFO - Wrote waybar config to /home/radhey/code/dots-niri/.config/theme-engine/generated/waybar/theme.css
2025-10-23 22:36:49,368 - INFO - Wrote wlogout config to /home/radhey/code/dots-niri/.config/theme-engine/generated/wlogout/theme.css
2025-10-23 22:36:49,368 - INFO - Theme applied successfully! (7/7 apps)
2025-10-23 22:36:59,011 - INFO - Wrote dunst config to /home/radhey/code/dots-niri/.config/theme-engine/generated/dunst/theme.ini
2025-10-23 22:36:59,014 - INFO - Wrote fuzzel config to /home/radhey/code/dots-niri/.config/theme-engine/generated/fuzzel/theme.ini
2025-10-23 22:36:59,020 - INFO - Wrote hyprlock config to /home/radhey/code/dots-niri/.config/theme-engine/generated/hypr/theme.conf
2025-10-23 22:36:59,026 - INFO - Wrote kitty config to /home/radhey/code/dots-niri/.config/theme-engine/generated/kitty/theme.conf
2025-10-23 22:36:59,032 - INFO - Wrote niri config to /home/radhey/code/dots-niri/.config/theme-engine/generated/niri/theme.kdl
2025-10-23 22:36:59,036 - INFO - Wrote waybar config to /home/radhey/code/dots-niri/.config/theme-engine/generated/waybar/theme.css
2025-10-23 22:36:59,040 - INFO - Wrote wlogout config to /home/radhey/code/dots-niri/.config/theme-engine/generated/wlogout/theme.css
2025-10-23 22:36:59,041 - INFO - Theme applied successfully! (7/7 apps)
2025-10-23 22:40:21,984 - INFO - Wrote dunst config to /home/radhey/code/dots-niri/.config/theme-engine/generated/dunst/theme.ini
2025-10-23 22:40:21,988 - INFO - Wrote fuzzel config to /home/radhey/code/dots-niri/.config/theme-engine/generated/fuzzel/theme.ini
2025-10-23 22:40:21,995 - INFO - Wrote hyprlock config to /home/radhey/code/dots-niri/.config/theme-engine/generated/hypr/theme.conf
2025-10-23 22:40:22,000 - INFO - Wrote kitty config to /home/radhey/code/dots-niri/.config/theme-engine/generated/kitty/theme.conf
2025-10-23 22:40:22,005 - INFO - Wrote niri config to /home/radhey/code/dots-niri/.config/theme-engine/generated/niri/theme.kdl
2025-10-23 22:40:22,009 - INFO - Wrote waybar config to /home/radhey/code/dots-niri/.config/theme-engine/generated/waybar/theme.css
2025-10-23 22:40:22,013 - INFO - Wrote wlogout config to /home/radhey/code/dots-niri/.config/theme-engine/generated/wlogout/theme.css
2025-10-23 22:40:22,013 - INFO - Theme applied successfully! (7/7 apps)
2025-10-23 22:41:58,952 - INFO - Wrote dunst config to /home/radhey/code/dots-niri/.config/theme-engine/generated/dunst/theme.ini
2025-10-23 22:41:58,955 - INFO - Wrote fuzzel config to /home/radhey/code/dots-niri/.config/theme-engine/generated/fuzzel/theme.ini
2025-10-23 22:41:58,960 - INFO - Wrote hyprlock config to /home/radhey/code/dots-niri/.config/theme-engine/generated/hypr/theme.conf
2025-10-23 22:41:58,964 - INFO - Wrote kitty config to /home/radhey/code/dots-niri/.config/theme-engine/generated/kitty/theme.conf
2025-10-23 22:41:58,969 - INFO - Wrote niri config to /home/radhey/code/dots-niri/.config/theme-engine/generated/niri/theme.kdl
2025-10-23 22:41:58,973 - INFO - Wrote waybar config to /home/radhey/code/dots-niri/.config/theme-engine/generated/waybar/theme.css
2025-10-23 22:41:58,976 - INFO - Wrote wlogout config to /home/radhey/code/dots-niri/.config/theme-engine/generated/wlogout/theme.css
2025-10-23 22:41:58,976 - INFO - Theme applied successfully! (7/7 apps)
2025-10-23 22:42:27,934 - ERROR - Theme file not found: /home/radhey/code/dots-niri/.config/theme-engine/themes/nonchalant-putp.yaml
2025-10-23 22:42:31,341 - INFO - Wrote dunst config to /home/radhey/code/dots-niri/.config/theme-engine/generated/dunst/theme.ini
2025-10-23 22:42:31,343 - INFO - Wrote fuzzel config to /home/radhey/code/dots-niri/.config/theme-engine/generated/fuzzel/theme.ini
2025-10-23 22:42:31,349 - INFO - Wrote hyprlock config to /home/radhey/code/dots-niri/.config/theme-engine/generated/hypr/theme.conf
2025-10-23 22:42:31,353 - INFO - Wrote kitty config to /home/radhey/code/dots-niri/.config/theme-engine/generated/kitty/theme.conf
2025-10-23 22:42:31,357 - INFO - Wrote niri config to /home/radhey/code/dots-niri/.config/theme-engine/generated/niri/theme.kdl
2025-10-23 22:42:31,361 - INFO - Wrote waybar config to /home/radhey/code/dots-niri/.config/theme-engine/generated/waybar/theme.css
2025-10-23 22:42:31,364 - INFO - Wrote wlogout config to /home/radhey/code/dots-niri/.config/theme-engine/generated/wlogout/theme.css
2025-10-23 22:42:31,364 - INFO - Theme applied successfully! (7/7 apps)
2025-10-23 22:43:46,530 - INFO - Wrote dunst config to /home/radhey/code/dots-niri/.config/theme-engine/generated/dunst/theme.ini
2025-10-23 22:43:46,533 - INFO - Wrote fuzzel config to /home/radhey/code/dots-niri/.config/theme-engine/generated/fuzzel/theme.ini
2025-10-23 22:43:46,538 - INFO - Wrote hyprlock config to /home/radhey/code/dots-niri/.config/theme-engine/generated/hypr/theme.conf
2025-10-23 22:43:46,542 - INFO - Wrote kitty config to /home/radhey/code/dots-niri/.config/theme-engine/generated/kitty/theme.conf
2025-10-23 22:43:46,547 - INFO - Wrote niri config to /home/radhey/code/dots-niri/.config/theme-engine/generated/niri/theme.kdl
2025-10-23 22:43:46,550 - INFO - Wrote waybar config to /home/radhey/code/dots-niri/.config/theme-engine/generated/waybar/theme.css
2025-10-23 22:43:46,554 - INFO - Wrote wlogout config to /home/radhey/code/dots-niri/.config/theme-engine/generated/wlogout/theme.css
2025-10-23 22:43:46,554 - INFO - Theme applied successfully! (7/7 apps)
2025-10-23 22:49:13,556 - ERROR - Theme file not found: /home/radhey/code/dots-niri/.config/theme-engine/themes/orignal.yaml
2025-10-23 22:49:31,318 - ERROR - Theme file not found: /home/radhey/code/dots-niri/.config/theme-engine/themes/myorignal.yaml
2025-10-23 22:49:38,119 - INFO - Wrote dunst config to /home/radhey/code/dots-niri/.config/theme-engine/generated/dunst/theme.ini
2025-10-23 22:49:38,122 - INFO - Wrote fuzzel config to /home/radhey/code/dots-niri/.config/theme-engine/generated/fuzzel/theme.ini
2025-10-23 22:49:38,128 - INFO - Wrote hyprlock config to /home/radhey/code/dots-niri/.config/theme-engine/generated/hypr/theme.conf
2025-10-23 22:49:38,132 - INFO - Wrote kitty config to /home/radhey/code/dots-niri/.config/theme-engine/generated/kitty/theme.conf
2025-10-23 22:49:38,136 - INFO - Wrote niri config to /home/radhey/code/dots-niri/.config/theme-engine/generated/niri/theme.kdl
2025-10-23 22:49:38,140 - INFO - Wrote waybar config to /home/radhey/code/dots-niri/.config/theme-engine/generated/waybar/theme.css
2025-10-23 22:49:38,144 - INFO - Wrote wlogout config to /home/radhey/code/dots-niri/.config/theme-engine/generated/wlogout/theme.css
2025-10-23 22:49:38,144 - INFO - Theme applied successfully! (7/7 apps)
2025-10-23 22:59:05,007 - INFO - Wrote dunst config to /home/radhey/code/dots-niri/.config/theme-engine/generated/dunst/theme.ini
2025-10-23 22:59:05,010 - INFO - Wrote fuzzel config to /home/radhey/code/dots-niri/.config/theme-engine/generated/fuzzel/theme.ini
2025-10-23 22:59:05,016 - INFO - Wrote hyprlock config to /home/radhey/code/dots-niri/.config/theme-engine/generated/hypr/theme.conf
2025-10-23 22:59:05,020 - INFO - Wrote kitty config to /home/radhey/code/dots-niri/.config/theme-engine/generated/kitty/theme.conf
2025-10-23 22:59:05,025 - INFO - Wrote niri config to /home/radhey/code/dots-niri/.config/theme-engine/generated/niri/theme.kdl
2025-10-23 22:59:05,029 - INFO - Wrote waybar config to /home/radhey/code/dots-niri/.config/theme-engine/generated/waybar/theme.css
2025-10-23 22:59:05,033 - INFO - Wrote wlogout config to /home/radhey/code/dots-niri/.config/theme-engine/generated/wlogout/theme.css
2025-10-23 22:59:05,033 - INFO - Theme applied successfully! (7/7 apps)
2025-10-23 23:00:48,633 - INFO - Wrote dunst config to /home/radhey/code/dots-niri/.config/theme-engine/generated/dunst/theme.ini
2025-10-23 23:00:48,636 - INFO - Wrote fuzzel config to /home/radhey/code/dots-niri/.config/theme-engine/generated/fuzzel/theme.ini
2025-10-23 23:00:48,642 - INFO - Wrote hyprlock config to /home/radhey/code/dots-niri/.config/theme-engine/generated/hypr/theme.conf
2025-10-23 23:00:48,646 - INFO - Wrote kitty config to /home/radhey/code/dots-niri/.config/theme-engine/generated/kitty/theme.conf
2025-10-23 23:00:48,651 - INFO - Wrote niri config to /home/radhey/code/dots-niri/.config/theme-engine/generated/niri/theme.kdl
2025-10-23 23:00:48,654 - INFO - Wrote waybar config to /home/radhey/code/dots-niri/.config/theme-engine/generated/waybar/theme.css
2025-10-23 23:00:48,658 - INFO - Wrote wlogout config to /home/radhey/code/dots-niri/.config/theme-engine/generated/wlogout/theme.css
2025-10-23 23:00:48,658 - INFO - Theme applied successfully! (7/7 apps)
2025-10-23 23:02:18,883 - INFO - Wrote dunst config to /home/radhey/code/dots-niri/.config/theme-engine/generated/dunst/theme.ini
2025-10-23 23:02:18,886 - INFO - Wrote fuzzel config to /home/radhey/code/dots-niri/.config/theme-engine/generated/fuzzel/theme.ini
2025-10-23 23:02:18,892 - INFO - Wrote hyprlock config to /home/radhey/code/dots-niri/.config/theme-engine/generated/hypr/theme.conf
2025-10-23 23:02:18,897 - INFO - Wrote kitty config to /home/radhey/code/dots-niri/.config/theme-engine/generated/kitty/theme.conf
2025-10-23 23:02:18,902 - INFO - Wrote niri config to /home/radhey/code/dots-niri/.config/theme-engine/generated/niri/theme.kdl
2025-10-23 23:02:18,906 - INFO - Wrote waybar config to /home/radhey/code/dots-niri/.config/theme-engine/generated/waybar/theme.css
2025-10-23 23:02:18,910 - INFO - Wrote wlogout config to /home/radhey/code/dots-niri/.config/theme-engine/generated/wlogout/theme.css
2025-10-23 23:02:18,911 - INFO - Theme applied successfully! (7/7 apps)
2025-10-23 23:16:03,415 - INFO - Wrote dunst config to /home/radhey/code/dots-niri/.config/theme-engine/generated/dunst/theme.ini
2025-10-23 23:16:03,419 - INFO - Wrote fuzzel config to /home/radhey/code/dots-niri/.config/theme-engine/generated/fuzzel/theme.ini
2025-10-23 23:16:03,425 - INFO - Wrote hyprlock config to /home/radhey/code/dots-niri/.config/theme-engine/generated/hypr/theme.conf
2025-10-23 23:16:03,429 - INFO - Wrote kitty config to /home/radhey/code/dots-niri/.config/theme-engine/generated/kitty/theme.conf
2025-10-23 23:16:03,434 - INFO - Wrote niri config to /home/radhey/code/dots-niri/.config/theme-engine/generated/niri/theme.kdl
2025-10-23 23:16:03,438 - INFO - Wrote waybar config to /home/radhey/code/dots-niri/.config/theme-engine/generated/waybar/theme.css
2025-10-23 23:16:03,441 - INFO - Wrote wlogout config to /home/radhey/code/dots-niri/.config/theme-engine/generated/wlogout/theme.css
2025-10-23 23:16:03,442 - INFO - Theme applied successfully! (7/7 apps)
2025-10-23 23:16:41,427 - INFO - Wrote dunst config to /home/radhey/code/dots-niri/.config/theme-engine/generated/dunst/theme.ini
2025-10-23 23:16:41,430 - INFO - Wrote fuzzel config to /home/radhey/code/dots-niri/.config/theme-engine/generated/fuzzel/theme.ini
2025-10-23 23:16:41,435 - INFO - Wrote hyprlock config to /home/radhey/code/dots-niri/.config/theme-engine/generated/hypr/theme.conf
2025-10-23 23:16:41,441 - INFO - Wrote kitty config to /home/radhey/code/dots-niri/.config/theme-engine/generated/kitty/theme.conf
2025-10-23 23:16:41,447 - INFO - Wrote niri config to /home/radhey/code/dots-niri/.config/theme-engine/generated/niri/theme.kdl
2025-10-23 23:16:41,451 - INFO - Wrote waybar config to /home/radhey/code/dots-niri/.config/theme-engine/generated/waybar/theme.css
2025-10-23 23:16:41,455 - INFO - Wrote wlogout config to /home/radhey/code/dots-niri/.config/theme-engine/generated/wlogout/theme.css
2025-10-23 23:16:41,455 - INFO - Theme applied successfully! (7/7 apps)
2025-10-23 23:21:22,238 - INFO - Wrote dunst config to /home/radhey/code/dots-niri/.config/theme-engine/generated/dunst/theme.ini
2025-10-23 23:21:22,241 - INFO - Wrote fuzzel config to /home/radhey/code/dots-niri/.config/theme-engine/generated/fuzzel/theme.ini
2025-10-23 23:21:22,247 - INFO - Wrote hyprlock config to /home/radhey/code/dots-niri/.config/theme-engine/generated/hypr/theme.conf
2025-10-23 23:21:22,251 - INFO - Wrote kitty config to /home/radhey/code/dots-niri/.config/theme-engine/generated/kitty/theme.conf
2025-10-23 23:21:22,255 - INFO - Wrote niri config to /home/radhey/code/dots-niri/.config/theme-engine/generated/niri/theme.kdl
2025-10-23 23:21:22,259 - INFO - Wrote waybar config to /home/radhey/code/dots-niri/.config/theme-engine/generated/waybar/theme.css
2025-10-23 23:21:22,262 - INFO - Wrote wlogout config to /home/radhey/code/dots-niri/.config/theme-engine/generated/wlogout/theme.css
2025-10-23 23:21:22,263 - INFO - Theme applied successfully! (7/7 apps)
2025-10-23 23:21:41,396 - INFO - Wrote dunst config to /home/radhey/code/dots-niri/.config/theme-engine/generated/dunst/theme.ini
2025-10-23 23:21:41,399 - INFO - Wrote fuzzel config to /home/radhey/code/dots-niri/.config/theme-engine/generated/fuzzel/theme.ini
2025-10-23 23:21:41,405 - INFO - Wrote hyprlock config to /home/radhey/code/dots-niri/.config/theme-engine/generated/hypr/theme.conf
2025-10-23 23:21:41,409 - INFO - Wrote kitty config to /home/radhey/code/dots-niri/.config/theme-engine/generated/kitty/theme.conf
2025-10-23 23:21:41,414 - INFO - Wrote niri config to /home/radhey/code/dots-niri/.config/theme-engine/generated/niri/theme.kdl
2025-10-23 23:21:41,418 - INFO - Wrote waybar config to /home/radhey/code/dots-niri/.config/theme-engine/generated/waybar/theme.css
2025-10-23 23:21:41,422 - INFO - Wrote wlogout config to /home/radhey/code/dots-niri/.config/theme-engine/generated/wlogout/theme.css
2025-10-23 23:21:41,422 - INFO - Theme applied successfully! (7/7 apps)
2025-10-23 23:38:34,998 - INFO - Wrote dunst config to /home/radhey/code/dots-niri/.config/theme-engine/generated/dunst/theme.ini
2025-10-23 23:38:35,001 - INFO - Wrote fuzzel config to /home/radhey/code/dots-niri/.config/theme-engine/generated/fuzzel/theme.ini
2025-10-23 23:38:35,007 - INFO - Wrote hyprlock config to /home/radhey/code/dots-niri/.config/theme-engine/generated/hypr/theme.conf
2025-10-23 23:38:35,012 - INFO - Wrote kitty config to /home/radhey/code/dots-niri/.config/theme-engine/generated/kitty/theme.conf
2025-10-23 23:38:35,017 - INFO - Wrote niri config to /home/radhey/code/dots-niri/.config/theme-engine/generated/niri/theme.kdl
2025-10-23 23:38:35,021 - INFO - Wrote waybar config to /home/radhey/code/dots-niri/.config/theme-engine/generated/waybar/theme.css
2025-10-23 23:38:35,025 - INFO - Wrote wlogout config to /home/radhey/code/dots-niri/.config/theme-engine/generated/wlogout/theme.css
2025-10-23 23:38:35,025 - INFO - Theme applied successfully! (7/7 apps)
2025-10-23 23:41:21,397 - INFO - Wrote dunst config to /home/radhey/code/dots-niri/.config/theme-engine/generated/dunst/theme.ini
2025-10-23 23:41:21,400 - INFO - Wrote fuzzel config to /home/radhey/code/dots-niri/.config/theme-engine/generated/fuzzel/theme.ini
2025-10-23 23:41:21,406 - INFO - Wrote hyprlock config to /home/radhey/code/dots-niri/.config/theme-engine/generated/hypr/theme.conf
2025-10-23 23:41:21,411 - INFO - Wrote kitty config to /home/radhey/code/dots-niri/.config/theme-engine/generated/kitty/theme.conf
2025-10-23 23:41:21,415 - INFO - Wrote niri config to /home/radhey/code/dots-niri/.config/theme-engine/generated/niri/theme.kdl
2025-10-23 23:41:21,420 - INFO - Wrote waybar config to /home/radhey/code/dots-niri/.config/theme-engine/generated/waybar/theme.css
2025-10-23 23:41:21,423 - INFO - Wrote wlogout config to /home/radhey/code/dots-niri/.config/theme-engine/generated/wlogout/theme.css
2025-10-23 23:41:21,424 - INFO - Theme applied successfully! (7/7 apps)
2025-10-23 23:44:10,827 - INFO - Wrote dunst config to /home/radhey/code/dots-niri/.config/theme-engine/generated/dunst/theme.ini
2025-10-23 23:44:10,829 - INFO - Wrote fuzzel config to /home/radhey/code/dots-niri/.config/theme-engine/generated/fuzzel/theme.ini
2025-10-23 23:44:10,835 - INFO - Wrote hyprlock config to /home/radhey/code/dots-niri/.config/theme-engine/generated/hypr/theme.conf
2025-10-23 23:44:10,839 - INFO - Wrote kitty config to /home/radhey/code/dots-niri/.config/theme-engine/generated/kitty/theme.conf
2025-10-23 23:44:10,843 - INFO - Wrote niri config to /home/radhey/code/dots-niri/.config/theme-engine/generated/niri/theme.kdl
2025-10-23 23:44:10,847 - INFO - Wrote waybar config to /home/radhey/code/dots-niri/.config/theme-engine/generated/waybar/theme.css
2025-10-23 23:44:10,851 - INFO - Wrote wlogout config to /home/radhey/code/dots-niri/.config/theme-engine/generated/wlogout/theme.css
2025-10-23 23:44:10,851 - INFO - Theme applied successfully! (7/7 apps)
2025-10-23 23:45:37,383 - INFO - Wrote dunst config to /home/radhey/code/dots-niri/.config/theme-engine/generated/dunst/theme.ini
2025-10-23 23:45:37,386 - INFO - Wrote fuzzel config to /home/radhey/code/dots-niri/.config/theme-engine/generated/fuzzel/theme.ini
2025-10-23 23:45:37,391 - INFO - Wrote hyprlock config to /home/radhey/code/dots-niri/.config/theme-engine/generated/hypr/theme.conf
2025-10-23 23:45:37,396 - INFO - Wrote kitty config to /home/radhey/code/dots-niri/.config/theme-engine/generated/kitty/theme.conf
2025-10-23 23:45:37,401 - INFO - Wrote niri config to /home/radhey/code/dots-niri/.config/theme-engine/generated/niri/theme.kdl
2025-10-23 23:45:37,405 - INFO - Wrote waybar config to /home/radhey/code/dots-niri/.config/theme-engine/generated/waybar/theme.css
2025-10-23 23:45:37,409 - INFO - Wrote wlogout config to /home/radhey/code/dots-niri/.config/theme-engine/generated/wlogout/theme.css
2025-10-23 23:45:37,409 - INFO - Theme applied successfully! (7/7 apps)
2025-10-23 23:46:51,240 - INFO - Wrote dunst config to /home/radhey/code/dots-niri/.config/theme-engine/generated/dunst/theme.ini
2025-10-23 23:46:51,243 - INFO - Wrote fuzzel config to /home/radhey/code/dots-niri/.config/theme-engine/generated/fuzzel/theme.ini
2025-10-23 23:46:51,249 - INFO - Wrote hyprlock config to /home/radhey/code/dots-niri/.config/theme-engine/generated/hypr/theme.conf
2025-10-23 23:46:51,253 - INFO - Wrote kitty config to /home/radhey/code/dots-niri/.config/theme-engine/generated/kitty/theme.conf
2025-10-23 23:46:51,258 - INFO - Wrote niri config to /home/radhey/code/dots-niri/.config/theme-engine/generated/niri/theme.kdl
2025-10-23 23:46:51,261 - INFO - Wrote waybar config to /home/radhey/code/dots-niri/.config/theme-engine/generated/waybar/theme.css
2025-10-23 23:46:51,265 - INFO - Wrote wlogout config to /home/radhey/code/dots-niri/.config/theme-engine/generated/wlogout/theme.css
2025-10-23 23:46:51,265 - INFO - Theme applied successfully! (7/7 apps)
2025-10-23 23:51:47,448 - INFO - Wrote dunst config to /home/radhey/code/dots-niri/.config/theme-engine/generated/dunst/theme.ini
2025-10-23 23:51:47,451 - INFO - Wrote fuzzel config to /home/radhey/code/dots-niri/.config/theme-engine/generated/fuzzel/theme.ini
2025-10-23 23:51:47,457 - INFO - Wrote hyprlock config to /home/radhey/code/dots-niri/.config/theme-engine/generated/hypr/theme.conf
2025-10-23 23:51:47,461 - INFO - Wrote kitty config to /home/radhey/code/dots-niri/.config/theme-engine/generated/kitty/theme.conf
2025-10-23 23:51:47,465 - INFO - Wrote niri config to /home/radhey/code/dots-niri/.config/theme-engine/generated/niri/theme.kdl
2025-10-23 23:51:47,469 - INFO - Wrote waybar config to /home/radhey/code/dots-niri/.config/theme-engine/generated/waybar/theme.css
2025-10-23 23:51:47,473 - INFO - Wrote wlogout config to /home/radhey/code/dots-niri/.config/theme-engine/generated/wlogout/theme.css
2025-10-23 23:51:47,473 - INFO - Theme applied successfully! (7/7 apps)
2025-10-23 23:54:50,524 - INFO - Wrote dunst config to /home/radhey/.config/theme-engine/generated/dunst/theme.ini
2025-10-23 23:54:50,527 - INFO - Wrote fuzzel config to /home/radhey/.config/theme-engine/generated/fuzzel/theme.ini
2025-10-23 23:54:50,534 - INFO - Wrote hyprlock config to /home/radhey/.config/theme-engine/generated/hypr/theme.conf
2025-10-23 23:54:50,538 - INFO - Wrote kitty config to /home/radhey/.config/theme-engine/generated/kitty/theme.conf
2025-10-23 23:54:50,543 - INFO - Wrote niri config to /home/radhey/.config/theme-engine/generated/niri/theme.kdl
2025-10-23 23:54:50,547 - INFO - Wrote waybar config to /home/radhey/.config/theme-engine/generated/waybar/theme.css
2025-10-23 23:54:50,550 - INFO - Wrote wlogout config to /home/radhey/.config/theme-engine/generated/wlogout/theme.css
2025-10-23 23:54:50,551 - INFO - Theme applied successfully! (7/7 apps)
2025-10-23 23:56:07,417 - ERROR - Theme file not found: /home/radhey/code/dots-niri/.config/theme-engine/themes/original.yaml
2025-10-23 23:56:24,936 - ERROR - Theme file not found: /home/radhey/code/dots-niri/.config/theme-engine/themes/original.yaml
2025-10-23 23:57:05,938 - INFO - Wrote dunst config to /home/radhey/code/dots-niri/.config/theme-engine/generated/dunst/theme.ini
2025-10-23 23:57:05,941 - INFO - Wrote fuzzel config to /home/radhey/code/dots-niri/.config/theme-engine/generated/fuzzel/theme.ini
2025-10-23 23:57:05,947 - INFO - Wrote hyprlock config to /home/radhey/code/dots-niri/.config/theme-engine/generated/hypr/theme.conf
2025-10-23 23:57:05,952 - INFO - Wrote kitty config to /home/radhey/code/dots-niri/.config/theme-engine/generated/kitty/theme.conf
2025-10-23 23:57:05,957 - INFO - Wrote niri config to /home/radhey/code/dots-niri/.config/theme-engine/generated/niri/theme.kdl
2025-10-23 23:57:05,961 - INFO - Wrote waybar config to /home/radhey/code/dots-niri/.config/theme-engine/generated/waybar/theme.css
2025-10-23 23:57:05,964 - INFO - Wrote wlogout config to /home/radhey/code/dots-niri/.config/theme-engine/generated/wlogout/theme.css
2025-10-23 23:57:05,965 - INFO - Theme applied successfully! (7/7 apps)
2025-10-23 23:57:29,398 - INFO - Wrote dunst config to /home/radhey/code/dots-niri/.config/theme-engine/generated/dunst/theme.ini
2025-10-23 23:57:29,400 - INFO - Wrote fuzzel config to /home/radhey/code/dots-niri/.config/theme-engine/generated/fuzzel/theme.ini
2025-10-23 23:57:29,406 - INFO - Wrote hyprlock config to /home/radhey/code/dots-niri/.config/theme-engine/generated/hypr/theme.conf
2025-10-23 23:57:29,410 - INFO - Wrote kitty config to /home/radhey/code/dots-niri/.config/theme-engine/generated/kitty/theme.conf
2025-10-23 23:57:29,415 - INFO - Wrote niri config to /home/radhey/code/dots-niri/.config/theme-engine/generated/niri/theme.kdl
2025-10-23 23:57:29,419 - INFO - Wrote waybar config to /home/radhey/code/dots-niri/.config/theme-engine/generated/waybar/theme.css
2025-10-23 23:57:29,423 - INFO - Wrote wlogout config to /home/radhey/code/dots-niri/.config/theme-engine/generated/wlogout/theme.css
2025-10-23 23:57:29,423 - INFO - Theme applied successfully! (7/7 apps)
